> Task :runtime:preBuild UP-TO-DATE
> Task :runtime:preDebugBuild UP-TO-DATE
> Task :runtime:generateDebugResources UP-TO-DATE
> Task :runtime:packageDebugResources UP-TO-DATE
> Task :runtime:processDebugNavigationResources UP-TO-DATE
> Task :runtime:parseDebugLocalResources UP-TO-DATE
> Task :runtime:generateDebugRFile UP-TO-DATE
> Task :runtime:compileDebugKotlin UP-TO-DATE
> Task :runtime:javaPreCompileDebug UP-TO-DATE
> Task :runtime:compileDebugJavaWithJavac NO-SOURCE
> Task :runtime:bundleLibRuntimeToJarDebug UP-TO-DATE
> Task :runtime:bundleLibCompileToJarDebug UP-TO-DATE
> Task :runtime:preDebugUnitTestBuild UP-TO-DATE
> Task :runtime:generateDebugUnitTestStubRFile UP-TO-DATE
> Task :runtime:javaPreCompileDebugUnitTest UP-TO-DATE
> Task :runtime:processDebugJavaRes UP-TO-DATE
> Task :runtime:compileDebugUnitTestKotlin
> Task :runtime:compileDebugUnitTestJavaWithJavac NO-SOURCE
> Task :runtime:processDebugUnitTestJavaRes UP-TO-DATE
> Task :runtime:testDebugUnitTest

BUILD SUCCESSFUL in 1s
15 actionable tasks: 2 executed, 13 up-to-date
Consider enabling configuration cache to speed up this build: https://docs.gradle.org/9.6.1/userguide/configuration_cache_enabling.html
